// Jest Snapshot v1, https://goo.gl/fbAQLP

exports[`Details componente renders initial screen 1`] = `
<RCTScrollView
  contentContainerStyle={
    Object {
      "paddingBottom": 200,
    }
  }
>
  <View>
    <View
      style={
        Object {
          "padding": 5,
        }
      }
    >
      <Text
        style={
          Object {
            "fontSize": 25,
            "fontWeight": "bold",
            "paddingTop": 10,
            "width": 750,
          }
        }
      >
        Mocktitle
      </Text>
      <View
        style={
          Object {
            "flexDirection": "row",
          }
        }
      >
        <View
          style={
            Object {
              "width": 375,
            }
          }
        >
          <Text
            style={
              Object {
                "fontSize": 15,
                "width": 750,
              }
            }
          >
            Mockauthor
          </Text>
          <Text
            style={
              Object {
                "fontSize": 15,
                "fontWeight": "bold",
                "width": 750,
              }
            }
          >
            Invalid Date
          </Text>
        </View>
        <View
          style={
            Object {
              "width": 375,
            }
          }
        >
          <div />
        </View>
      </View>
      <Text
        style={
          Object {
            "paddingBottom": 20,
            "paddingTop": 20,
          }
        }
      >
        Mockdescription
      </Text>
      <Image
        source={
          Object {
            "uri": "MockurlToImage",
          }
        }
        style={
          Object {
            "height": 750,
            "paddingBottom": 5,
            "paddingTop": 20,
            "width": 750,
          }
        }
      />
      <Text
        style={
          Object {
            "paddingBottom": 20,
            "paddingTop": 20,
          }
        }
      >
        Mockcontent
      </Text>
      <View
        accessibilityRole="button"
        accessibilityStates={Array []}
        accessible={true}
        focusable={true}
        isTVSelectable={true}
        onClick={[Function]}
        onResponderGrant={[Function]}
        onResponderMove={[Function]}
        onResponderRelease={[Function]}
        onResponderTerminate={[Function]}
        onResponderTerminationRequest={[Function]}
        onStartShouldSetResponder={[Function]}
        style={
          Object {
            "opacity": 1,
          }
        }
      >
        <View
          style={
            Array [
              Object {},
            ]
          }
        >
          <Text
            style={
              Array [
                Object {
                  "color": "#007AFF",
                  "fontSize": 18,
                  "padding": 8,
                  "textAlign": "center",
                },
              ]
            }
          >
            See more
          </Text>
        </View>
      </View>
    </View>
  </View>
</RCTScrollView>
`;
